2026-04-11 20:12:35.012: [INFO] OnDoneLoading sync enabled: 0
2026-04-11 20:12:35.025: [INFO] RecordSyncInitDuration has_sync_been_enabled: 0 state: 0
2026-04-11 20:12:35.543: [INFO] VisibilityChanged: 0
2026-04-11 20:12:35.948: [INFO] RecordSyncInitDuration has_sync_been_enabled: 0 state: 3
2026-04-11 20:12:35.955: [INFO] Primary account changed.
2026-04-11 20:12:35.955: [INFO] OnPrimaryAccountChanged PrimaryAccountChangeEvent::Type::kSet
2026-04-11 20:12:35.968: [INFO] RecordSyncInitDuration has_sync_been_enabled: 0 state: 3
2026-04-11 20:12:36.033: [INFO] RecordSyncInitDuration has_sync_been_enabled: 0 state: 3
2026-04-11 20:12:38.188: [INFO] VisibilityChanged: 1
2026-04-11 20:12:39.001: [INFO] BookmarkNodeAdded, ABU: 0
2026-04-11 20:12:39.001: [INFO] BookmarkNodeAdded, ABU: 0
2026-04-11 20:12:39.003: [INFO] BookmarkNodeAdded, ABU: 0
2026-04-11 20:12:39.005: [INFO] BookmarkNodeAdded, ABU: 0
2026-04-11 20:12:39.007: [INFO] BookmarkNodeAdded, ABU: 0
2026-04-11 20:12:39.008: [INFO] BookmarkNodeAdded, ABU: 0
2026-04-11 20:12:39.010: [INFO] BookmarkNodeAdded, ABU: 0
2026-04-11 20:12:39.011: [INFO] BookmarkNodeAdded, ABU: 0
2026-04-11 20:12:39.013: [INFO] BookmarkNodeAdded, ABU: 0
2026-04-11 20:12:39.014: [INFO] BookmarkNodeAdded, ABU: 0
2026-04-11 20:12:39.016: [INFO] BookmarkNodeAdded, ABU: 0
2026-04-11 20:12:39.018: [INFO] BookmarkNodeAdded, ABU: 0
2026-04-11 20:12:39.019: [INFO] BookmarkNodeAdded, ABU: 0
2026-04-11 20:12:39.021: [INFO] BookmarkNodeAdded, ABU: 0
2026-04-11 20:12:39.023: [INFO] BookmarkNodeAdded, ABU: 0
2026-04-11 20:12:39.025: [INFO] BookmarkNodeAdded, ABU: 0
2026-04-11 20:12:39.027: [INFO] BookmarkNodeAdded, ABU: 0
2026-04-11 20:12:39.029: [INFO] BookmarkNodeAdded, ABU: 0
2026-04-11 20:12:39.031: [INFO] BookmarkNodeAdded, ABU: 0
2026-04-11 20:12:39.033: [INFO] BookmarkNodeAdded, ABU: 0
2026-04-11 20:12:39.035: [INFO] BookmarkNodeAdded, ABU: 0
2026-04-11 20:12:39.037: [INFO] BookmarkNodeAdded, ABU: 0
2026-04-11 20:12:39.039: [INFO] BookmarkNodeAdded, ABU: 0
2026-04-11 20:12:39.041: [INFO] BookmarkNodeAdded, ABU: 0
2026-04-11 20:12:39.042: [INFO] BookmarkNodeAdded, ABU: 0
2026-04-11 20:12:39.044: [INFO] BookmarkNodeAdded, ABU: 0
2026-04-11 20:12:39.046: [INFO] BookmarkNodeAdded, ABU: 0
2026-04-11 20:12:39.049: [INFO] BookmarkNodeAdded, ABU: 0
2026-04-11 20:12:39.051: [INFO] BookmarkNodeAdded, ABU: 0
2026-04-11 20:12:39.053: [INFO] BookmarkNodeAdded, ABU: 0
2026-04-11 20:12:39.055: [INFO] BookmarkNodeAdded, ABU: 0
2026-04-11 20:12:39.057: [INFO] BookmarkNodeAdded, ABU: 0
2026-04-11 20:12:39.059: [INFO] BookmarkNodeAdded, ABU: 0
2026-04-11 20:12:39.061: [INFO] BookmarkNodeAdded, ABU: 0
2026-04-11 20:12:39.063: [INFO] BookmarkNodeAdded, ABU: 0
2026-04-11 20:12:39.065: [INFO] BookmarkNodeAdded, ABU: 0
2026-04-11 20:12:39.067: [INFO] BookmarkNodeAdded, ABU: 0
2026-04-11 20:12:39.068: [INFO] BookmarkNodeAdded, ABU: 0
2026-04-11 20:12:39.070: [INFO] BookmarkNodeAdded, ABU: 0
2026-04-11 20:12:39.072: [INFO] BookmarkNodeAdded, ABU: 0
2026-04-11 20:12:39.073: [INFO] BookmarkNodeAdded, ABU: 0
2026-04-11 20:12:39.075: [INFO] BookmarkNodeAdded, ABU: 0
2026-04-11 20:12:39.076: [INFO] BookmarkNodeAdded, ABU: 0
2026-04-11 20:12:39.078: [INFO] BookmarkNodeAdded, ABU: 0
2026-04-11 20:12:39.079: [INFO] BookmarkNodeAdded, ABU: 0
2026-04-11 20:12:39.128: [INFO] VisibilityChanged: 0
