{"logTime": "0411/201236", "correlationVector":"31a+Dhr3EZhHhUmLmDuNJ+.1","action":"SyncServerConnectionManagerRequest", "result":"SYNC_SERVER_OK", "context":{"environment":"Prod_southindia_prod-s01-004-apac-southindia", "migrationStage":"NotStarted", "server":"akswtt103000015"}}
{"logTime": "0411/201236", "correlationVector":"31a+Dhr3EZhHhUmLmDuNJ+.2","action":"ProcessGetUpdates", "result":"Done", "context":{"dataType":"Encryption Keys", "deleted":"0", "process_failed_to_decrypt":"0", "process_pending_decryption":"0", "process_success":"1", "total":"1"}}
{"logTime": "0411/201237", "correlationVector":"YssyX7rw81iV2XKSGsVAOY","action":"SyncServerConnectionManagerRequest", "result":"SYNC_SERVER_OK", "context":{"environment":"", "migrationStage":"", "server":""}}
{"logTime": "0411/201237", "correlationVector":"YssyX7rw81iV2XKSGsVAOY.0","action":"EncryptionKeysFetcher.DownloadKeys:", "result":"Success", "context":Key count: 5, Last key timestamp: 2025-10-25T05:45:48Z}
{"logTime": "0411/201237", "correlationVector":"YssyX7rw81iV2XKSGsVAOY.1","action":"EncryptionKeysManager::SetEncryptionKeys:", "result":"Success", "context":Key names[5]:[bn7Vb6fxkAZyfukyjoo9BsA+e64WuWTuk2Xl5Sz+UkzHvw1kkOvDwPaQpuj/sK3wIwCwN0xxGh/L71iTXvl8/g==][qWqkRx5ax2XRlmjlCQMwPLqCRZQ8L2H6HWMd+x4UYbhNnE1ZFWLxDm6AdLkW3ji/OZgjhRSDFKWI3NMLhd88tQ==][627NKByvx4Lc2xft6264qlXTTnucu6MY5S6wrhzdcQx8Ah/K0/H0F2LzZ8LVa1hVJ5sJtaVKVzDemwypxFtftQ==][0eY1L2MIIKg+7Q4v4mNHJBBXewDxsuIW1LwzxBR1Rbxyp+tciNZmDc3ipo5B3MKHxPBxM40Guniba04CK+AnGA==][i/tHhQmNBkXavGoEd1t4w6KWtqC4k2t4k+vYQAssjCIeSFvYGciL+zgcdJhvMq9HaN2P/WPO0QneYqQogfXkCg==]}
{"logTime": "0411/201237", "correlationVector":"YssyX7rw81iV2XKSGsVAOY.2","action":"EncryptionKeysManager::SetEncryptionKeysWithTimestamps:", "result":"Success", "context":Key timestamps[5]:[2023-07-24T06:02:00Z][2024-02-21T11:42:10Z][2024-08-20T15:45:25Z][2025-04-15T13:00:04Z][2025-10-25T05:45:48Z]}
{"logTime": "0411/201237", "correlationVector":"31a+Dhr3EZhHhUmLmDuNJ+","action":"Initial GetUpdates", "result":"", "context":Reason: NEW_CLIENT. cV=31a+Dhr3EZhHhUmLmDuNJ+}
{"logTime": "0411/201237", "correlationVector":"31a+Dhr3EZhHhUmLmDuNJ+.3","action":"GetUpdates Response", "result":"Success", "context":Received 1 update(s). cV=31a+Dhr3EZhHhUmLmDuNJ+.0;server=akswtt103000015;cloudType=Consumer;environment=Prod_southindia_prod-s01-004-apac-southindia;migrationStage=NotStarted}
{"logTime": "0411/201237", "correlationVector":"LS88KKgghWURBKKDFWtzsd","action":"Initial GetUpdates", "result":"", "context":Reason: NEWLY_SUPPORTED_DATATYPE. cV=LS88KKgghWURBKKDFWtzsd}
{"logTime": "0411/201237", "correlationVector":"LS88KKgghWURBKKDFWtzsd.1","action":"SyncServerConnectionManagerRequest", "result":"SYNC_SERVER_OK", "context":{"environment":"Prod_southindia_prod-s01-004-apac-southindia", "migrationStage":"NotStarted", "server":"akswtt103000013"}}
{"logTime": "0411/201237", "correlationVector":"LS88KKgghWURBKKDFWtzsd.2","action":"ProcessGetUpdates", "result":"Done", "context":{"dataType":"Preferences", "deleted":"0", "process_failed_to_decrypt":"0", "process_pending_decryption":"0", "process_success":"65", "total":"65"}}
{"logTime": "0411/201238", "correlationVector":"LS88KKgghWURBKKDFWtzsd.3","action":"ProcessGetUpdates", "result":"Done", "context":{"dataType":"Passwords", "deleted":"0", "process_failed_to_decrypt":"0", "process_pending_decryption":"0", "process_success":"161", "total":"161"}}
{"logTime": "0411/201238", "correlationVector":"LS88KKgghWURBKKDFWtzsd.4","action":"ProcessGetUpdates", "result":"Done", "context":{"dataType":"Device Info", "deleted":"0", "process_failed_to_decrypt":"0", "process_pending_decryption":"0", "process_success":"6", "total":"6"}}
{"logTime": "0411/201238", "correlationVector":"LS88KKgghWURBKKDFWtzsd.5","action":"GetUpdates Response", "result":"Success", "context":Received 232 update(s). cV=LS88KKgghWURBKKDFWtzsd.0;server=akswtt103000013;cloudType=Consumer;environment=Prod_southindia_prod-s01-004-apac-southindia;migrationStage=NotStarted}
{"logTime": "0411/201238", "correlationVector":"fQpllBecRCcKIp3QLj+Oqv","action":"Initial GetUpdates", "result":"", "context":Reason: NEWLY_SUPPORTED_DATATYPE. cV=fQpllBecRCcKIp3QLj+Oqv}
{"logTime": "0411/201238", "correlationVector":"fQpllBecRCcKIp3QLj+Oqv.1","action":"SyncServerConnectionManagerRequest", "result":"SYNC_SERVER_OK", "context":{"environment":"Prod_southindia_prod-s01-004-apac-southindia", "migrationStage":"NotStarted", "server":"akswtt10300001n"}}
{"logTime": "0411/201238", "correlationVector":"fQpllBecRCcKIp3QLj+Oqv.2","action":"ProcessGetUpdates", "result":"Done", "context":{"dataType":"Bookmarks", "deleted":"0", "process_failed_to_decrypt":"0", "process_pending_decryption":"0", "process_success":"51", "total":"51"}}
{"logTime": "0411/201239", "correlationVector":"fQpllBecRCcKIp3QLj+Oqv.3","action":"GetUpdates Response", "result":"Success", "context":Received 51 update(s). cV=fQpllBecRCcKIp3QLj+Oqv.0;server=akswtt10300001n;cloudType=Consumer;environment=Prod_southindia_prod-s01-004-apac-southindia;migrationStage=NotStarted}
{"logTime": "0411/201239", "correlationVector":"7u+hcikmg58eNoIVUJIy8c","action":"Initial GetUpdates", "result":"", "context":Reason: NEWLY_SUPPORTED_DATATYPE. cV=7u+hcikmg58eNoIVUJIy8c}
{"logTime": "0411/201239", "correlationVector":"7u+hcikmg58eNoIVUJIy8c","action":"SyncServerConnectionManagerRequest", "result":"CONNECTION_UNAVAILABLE", "context":{"error_type":"net_error_code", "error_value":"-3"}}
